// Jest Snapshot v1, https://goo.gl/fbAQLP

exports[`Shows initial stats for builds with async chunks 1`] = `
"**Total**

Files count | Total bundle size | % Changed
----------- | ----------------- | ---------
7 -> 2 | 1.34 MB -> 1.29 MB (-53.65 KB)<br />386.44 KB -> N/A (gzip) | -3.91%"
`;

exports[`Shows stats when files are added 1`] = `
"**Total**

Files count | Total bundle size | % Changed
----------- | ----------------- | ---------
2 -> 7 | 1.29 MB -> 1.34 MB (+53.65 KB)<br />N/A -> 386.44 KB (gzip) | +4.07%"
`;

exports[`Shows stats when files are added 2`] = `
"**Added**

Asset | File Size | % Changed
----- | --------- | ---------
296.chunk.js | 0 B -> 124.57 KB (+124.57 KB)<br />0 B -> 35.05 KB (gzip) | -
288.chunk.js | 0 B -> 57.24 KB (+57.24 KB)<br />0 B -> 16.33 KB (gzip) | -
920.chunk.js | 0 B -> 54.98 KB (+54.98 KB)<br />0 B -> 17.08 KB (gzip) | -
912.chunk.js | 0 B -> 44.37 KB (+44.37 KB)<br />0 B -> 14.31 KB (gzip) | -
699.chunk.js | 0 B -> 26.39 KB (+26.39 KB)<br />0 B -> 6.14 KB (gzip) | -

**Removed**

No assets were removed

**Bigger**

Asset | File Size | % Changed
----- | --------- | ---------
manifest.json | 91 B -> 551 B (+460 B)<br />N/A -> 151 B (gzip) | +505.49%

**Smaller**

Asset | File Size | % Changed
----- | --------- | ---------
app.bundle.js | 1.29 MB -> 1.04 MB (-254.35 KB)<br />N/A -> 297.38 KB (gzip) | -19.29%

**Unchanged**

No assets were unchanged"
`;

exports[`Shows stats when files are hidden 1`] = `
"**Total**

Files count | Total bundle size | % Changed
----------- | ----------------- | ---------
0 | 0 B | 0%"
`;

exports[`Shows stats when files are hidden 2`] = `
"**Added**

No assets were added

**Removed**

No assets were removed

**Bigger**

No assets were bigger

**Smaller**

No assets were smaller

**Unchanged**

No assets were unchanged"
`;

exports[`Shows stats when files are removed 1`] = `
"**Total**

Files count | Total bundle size | % Changed
----------- | ----------------- | ---------
7 -> 2 | 1.34 MB -> 1.29 MB (-53.65 KB)<br />386.44 KB -> N/A (gzip) | -3.91%"
`;

exports[`Shows stats when files are removed 2`] = `
"**Added**

No assets were added

**Removed**

Asset | File Size | % Changed
----- | --------- | ---------
296.chunk.js | 124.57 KB -> 0 B (-124.57 KB)<br />35.05 KB -> 0 B (gzip) | -100%
288.chunk.js | 57.24 KB -> 0 B (-57.24 KB)<br />16.33 KB -> 0 B (gzip) | -100%
920.chunk.js | 54.98 KB -> 0 B (-54.98 KB)<br />17.08 KB -> 0 B (gzip) | -100%
912.chunk.js | 44.37 KB -> 0 B (-44.37 KB)<br />14.31 KB -> 0 B (gzip) | -100%
699.chunk.js | 26.39 KB -> 0 B (-26.39 KB)<br />6.14 KB -> 0 B (gzip) | -100%

**Bigger**

Asset | File Size | % Changed
----- | --------- | ---------
app.bundle.js | 1.04 MB -> 1.29 MB (+254.35 KB)<br />297.38 KB -> N/A (gzip) | +23.91%

**Smaller**

Asset | File Size | % Changed
----- | --------- | ---------
manifest.json | 551 B -> 91 B (-460 B)<br />151 B -> N/A (gzip) | -83.48%

**Unchanged**

No assets were unchanged"
`;

exports[`Shows stats when files are unchanged 1`] = `
"**Total**

Files count | Total bundle size | % Changed
----------- | ----------------- | ---------
7 | 1.34 MB<br />386.44 KB | 0%"
`;

exports[`Shows stats when files are unchanged 2`] = `
"**Added**

No assets were added

**Removed**

No assets were removed

**Bigger**

No assets were bigger

**Smaller**

No assets were smaller

**Unchanged**

Asset | File Size | % Changed
----- | --------- | ---------
app.bundle.js | 1.04 MB<br />297.38 KB | 0%
296.chunk.js | 124.57 KB<br />35.05 KB | 0%
288.chunk.js | 57.24 KB<br />16.33 KB | 0%
920.chunk.js | 54.98 KB<br />17.08 KB | 0%
912.chunk.js | 44.37 KB<br />14.31 KB | 0%
699.chunk.js | 26.39 KB<br />6.14 KB | 0%
manifest.json | 551 B<br />151 B | 0%"
`;

exports[`displays module information when files are added/removed/changed 1`] = `
"
<details>
<summary>Changeset</summary>

File | Î” | Size
---- | - | ----
\`src/client/this/file/has/a/long/name/so-that-it-will-hopefully-wrap.tsx\` | ðŸ†• +2.72 KB | 0 B -> 2.72 KB
\`src/client/this-file-was-added.ts\` | ðŸ†• +1.46 KB | 0 B -> 1.46 KB
\`src/client/this-is-another-file-with-a-long-name-to-test-the-table-sizing.tsx\` | ðŸ†• +1.04 KB | 0 B -> 1.04 KB
\`src/client/helpers/this-file-is-much-larger.ts\` | ðŸ“ˆ +11.66 KB (+865.77%) | 1.35 KB -> 13.01 KB
\`src/client/this-file-grew-larger.tsx\` | ðŸ“ˆ +200 B (+35.59%) | 562 B -> 762 B
\`src/client/helpers/this-file-grew-smaller.ts\` | ðŸ“‰ -200 B (-7.94%) | 2.46 KB -> 2.26 KB
\`src/client/this-file-is-much-smaller.tsx\` | ðŸ“‰ -11.66 KB (-99.92%) | 11.67 KB -> 10 B
\`src/client/routes.tsx\` | ðŸ”¥ -2.72 KB (-100%) | 2.72 KB -> 0 B
\`src/client/this-file-will-be-deleted.ts\` | ðŸ”¥ -1.46 KB (-100%) | 1.46 KB -> 0 B
\`src/client/render-memex.tsx\` | ðŸ”¥ -1.04 KB (-100%) | 1.04 KB -> 0 B

</details>
"
`;

exports[`displays no module information when unchanged 1`] = `
"
Changeset

No files were changed"
`;

exports[`does not display module information when it does not exist 1`] = `""`;
